// Vitest Snapshot v1, https://vitest.dev/guide/snapshot.html

exports[`Domain Types and Zod Schemas > Session Schema > should create a minimal valid session snapshot 1`] = `
{
  "campaignId": "550e8400-e29b-41d4-a716-446655440011",
  "canonFacts": [],
  "createdAt": 2024-01-01T00:00:00.000Z,
  "date": 2024-01-01T00:00:00.000Z,
  "duration": 0,
  "encounters": [],
  "experienceGained": 0,
  "goldGained": 0,
  "id": "550e8400-e29b-41d4-a716-446655440010",
  "name": "Minimal Session",
  "notes": "",
  "participants": [],
  "questFlags": [],
  "rollLog": [],
  "status": "planned",
  "turnLog": [],
  "updatedAt": 2024-01-01T00:00:00.000Z,
}
`;
